// Jest Snapshot v1, https://goo.gl/fbAQLP

exports[`should renders <App /> page correctly 1`] = `null`;
